#-----------------------------------------------------------
# Vivado v2024.1 (64-bit)
# SW Build 5076996 on Wed May 22 18:36:09 MDT 2024
# IP Build 5075265 on Wed May 22 21:45:21 MDT 2024
# SharedData Build 5076995 on Wed May 22 18:29:18 MDT 2024
# Start of session at: Wed Nov 13 14:59:22 2024
# Process ID: 221527
# Current directory: /home/maji/Videos/MIPS32/CMOV_HAM/boothproject/boothproject.runs/impl_1
# Command line: vivado -log top_module.vdi -applog -product Vivado -messageDb vivado.pb -mode batch -source top_module.tcl -notrace
# Log file: /home/maji/Videos/MIPS32/CMOV_HAM/boothproject/boothproject.runs/impl_1/top_module.vdi
# Journal file: /home/maji/Videos/MIPS32/CMOV_HAM/boothproject/boothproject.runs/impl_1/vivado.jou
# Running On        :MajiLaptop
# Platform          :unknown
# Operating System  :unknown
# Processor Detail  :12th Gen Intel(R) Core(TM) i7-1255U
# CPU Frequency     :2800.000 MHz
# CPU Physical cores:10
# CPU Logical cores :12
# Host memory       :16427 MB
# Swap memory       :0 MB
# Total Virtual     :16427 MB
# Available Virtual :6038 MB
#-----------------------------------------------------------
source top_module.tcl -notrace
