#-----------------------------------------------------------
# Vivado v2024.1 (64-bit)
# SW Build 5076996 on Wed May 22 18:36:09 MDT 2024
# IP Build 5075265 on Wed May 22 21:45:21 MDT 2024
# SharedData Build 5076995 on Wed May 22 18:29:18 MDT 2024
# Start of session at: Wed Nov 13 14:55:03 2024
# Process ID: 233694
# Current directory: /home/maji/Videos/MIPS32/Division_Job/project_1/project_1.runs/data_memory_synth_1
# Command line: vivado -log data_memory.vds -product Vivado -mode batch -messageDb vivado.pb -notrace -source data_memory.tcl
# Log file: /home/maji/Videos/MIPS32/Division_Job/project_1/project_1.runs/data_memory_synth_1/data_memory.vds
# Journal file: /home/maji/Videos/MIPS32/Division_Job/project_1/project_1.runs/data_memory_synth_1/vivado.jou
# Running On        :MajiLaptop
# Platform          :unknown
# Operating System  :unknown
# Processor Detail  :12th Gen Intel(R) Core(TM) i7-1255U
# CPU Frequency     :555.710 MHz
# CPU Physical cores:10
# CPU Logical cores :12
# Host memory       :16427 MB
# Swap memory       :0 MB
# Total Virtual     :16427 MB
# Available Virtual :8903 MB
#-----------------------------------------------------------
source data_memory.tcl -notrace
